# System Tools & Utilities
build-essential
cmake
cmake-extras
curl
jq
pkg-config
parallel
pipx
psmisc
scdoc
xz-utils

# Window Management & Desktop Environment
ark
dolphin
dolphin-plugins
kitty
rofi-wayland
swayidle
wlogout
waybar
wayland-protocols
xwayland

# Audio & Multimedia
pipewire
pipewire-alsa
pipewire-audio
pipewire-jack
pipewire-pulse
pavucontrol
pamixer
ffmpegthumbs
imagemagick
swappy

# Programming & Development
git
golang
gawk
gettext
meson
python3-mako
python3-markdown
python3-markupsafe
python3-yaml
qt5ct
qt5-style-kvantum
qt6-base-dev
qt6-image-formats-plugins
qt6-wayland
qt6ct

# Libraries & Development Dependencies
libavcodec-dev
libavformat-dev
libavutil-dev
libcairo2-dev
libdeflate-dev
libdisplay-info-dev
libdrm-dev
libegl1-mesa-dev
libgbm-dev
libgdk-pixbuf-2.0-dev
libgdk-pixbuf2.0-bin
libgirepository1.0-dev
libgl1-mesa-dev
libgraphene-1.0-0
libgraphene-1.0-dev
libgulkan-0.15-0t64
libgulkan-dev
libinih-dev
libinput-dev
libjbig-dev
libjpeg-dev
libjpeg62-turbo-dev
liblerc-dev
libliftoff-dev
liblz4-dev
liblzma-dev
libpam0g-dev
libpango1.0-dev
libpipewire-0.3-dev
libseat-dev
libspa-0.2-dev
libstartup-notification0
libswresample-dev
libsystemd-dev
librsvg2-dev
libtiff-dev
libtiffxx6
libtomlplusplus-dev
libpugixml-dev
libudev-dev
libvkfft-dev
libvulkan-dev
libvulkan-volk-dev
libwayland-dev
libwebp-dev
libxkbcommon-dev
libxkbcommon-x11-dev
libxkbregistry-dev
libxcb-composite0-dev
libxcb-dri3-dev
libxcb-ewmh-dev
libxcb-icccm4-dev
libxcb-present-dev
libxcb-render-util0-dev
libxcb-res0-dev
libxcb-xinput-dev
libxcb-xkb-dev
libxml2-dev
libxxhash-dev
libzip-dev
libxcursor-dev
libxcb-xfixes0-dev
libxcb-errors-dev

# Visuals & Appearance
blueman
bluez
brightnessctl
cliphist
dunst
eza
fastfetch
nwg-look
neofetch
lsd

# System & Hardware Management
hyprland
network-manager
network-manager-gnome
hwdata-dev
xdg-desktop-portal
xdg-desktop-portal-gtk
xdg-desktop-portal-hyprland
xdg-desktop-portal-wlr
libnotify-bin

# Security & Authentication
polkit-kde-agent-1
seatd
libpam0g-dev

# Other Useful Tools
vim
zsh
slurp
grim
wireplumber
xdg-desktop-portal

